// Jest Snapshot v1, https://goo.gl/fbAQLP

exports[`pruebas del archivo Saludo.component.js debe de mostrar el componente <SaludoComponent /> correctamente 1`] = `
<div>
  <h1>
    Hola que tal!
  </h1>
  <h3>
    Esto es un subtitulo
  </h3>
</div>
`;
